kotlin version: 2.1.20
error message: java.lang.AssertionError: Page -1108 is outside of [0, 4294967295)
	at org.jetbrains.kotlin.com.intellij.openapi.diagnostic.DefaultLogger.error(DefaultLogger.java:83)
	at org.jetbrains.kotlin.com.intellij.openapi.diagnostic.Logger.error(Logger.java:436)
	at org.jetbrains.kotlin.com.intellij.util.io.PersistentEnumeratorBase.catchCorruption(PersistentEnumeratorBase.java:677)
	at org.jetbrains.kotlin.com.intellij.util.io.PersistentEnumeratorBase.doEnumerate(PersistentEnumeratorBase.java:265)
	at org.jetbrains.kotlin.com.intellij.util.io.PersistentEnumeratorBase.enumerate(PersistentEnumeratorBase.java:278)
	at org.jetbrains.kotlin.com.intellij.util.io.PersistentMapImpl.enumerate(PersistentMapImpl.java:490)
	at org.jetbrains.kotlin.com.intellij.util.io.PersistentMapImpl.access$300(PersistentMapImpl.java:57)
	at org.jetbrains.kotlin.com.intellij.util.io.PersistentMapImpl$2.onDropFromCache(PersistentMapImpl.java:284)
	at org.jetbrains.kotlin.com.intellij.util.io.PersistentMapImpl$2.onDropFromCache(PersistentMapImpl.java:267)
	at org.jetbrains.kotlin.com.intellij.util.containers.SLRUMap.clear(SLRUMap.java:132)
	at org.jetbrains.kotlin.com.intellij.util.io.PersistentMapImpl.flushAppendCache(PersistentMapImpl.java:1005)
	at org.jetbrains.kotlin.com.intellij.util.io.PersistentMapImpl.clearAppenderCaches(PersistentMapImpl.java:826)
	at org.jetbrains.kotlin.com.intellij.util.io.PersistentMapImpl.doForce(PersistentMapImpl.java:813)
	at org.jetbrains.kotlin.com.intellij.util.io.PersistentMapImpl.force(PersistentMapImpl.java:802)
	at org.jetbrains.kotlin.com.intellij.util.io.PersistentHashMap.force(PersistentHashMap.java:212)
	at org.jetbrains.kotlin.incremental.storage.LazyStorage.flush(LazyStorage.kt:90)
	at org.jetbrains.kotlin.incremental.storage.AppendableSetBasicMap.flush(BasicMap.kt:152)
	at org.jetbrains.kotlin.incremental.storage.BasicMapsOwner$flush$1.invoke(BasicMapsOwner.kt:41)
	at org.jetbrains.kotlin.incremental.storage.BasicMapsOwner$flush$1.invoke(BasicMapsOwner.kt:41)
	at org.jetbrains.kotlin.incremental.storage.BasicMapsOwner.forEachMapSafe(BasicMapsOwner.kt:87)
	at org.jetbrains.kotlin.incremental.storage.BasicMapsOwner.flush(BasicMapsOwner.kt:41)
	at com.google.devtools.ksp.LookupStorageWrapperImpl.flush(IncrementalContext.kt:238)
	at com.google.devtools.ksp.common.IncrementalContextBase.updateLookupCache(IncrementalContextBase.kt:134)
	at com.google.devtools.ksp.common.IncrementalContextBase.updateCaches(IncrementalContextBase.kt:360)
	at com.google.devtools.ksp.common.IncrementalContextBase.access$updateCaches(IncrementalContextBase.kt:62)
	at com.google.devtools.ksp.common.IncrementalContextBase$updateCachesAndOutputs$1.invoke(IncrementalContextBase.kt:471)
	at com.google.devtools.ksp.common.IncrementalContextBase$updateCachesAndOutputs$1.invoke(IncrementalContextBase.kt:423)
	at com.google.devtools.ksp.common.IncrementalContextBase.closeFilesOnException(IncrementalContextBase.kt:403)
	at com.google.devtools.ksp.common.IncrementalContextBase.updateCachesAndOutputs(IncrementalContextBase.kt:423)
	at com.google.devtools.ksp.AbstractKotlinSymbolProcessingExtension.doAnalysis(KotlinSymbolProcessingExtension.kt:376)
	at org.jetbrains.kotlin.cli.jvm.compiler.TopDownAnalyzerFacadeForJVM.analyzeFilesWithJavaIntegration(TopDownAnalyzerFacadeForJVM.kt:112)
	at org.jetbrains.kotlin.cli.jvm.compiler.TopDownAnalyzerFacadeForJVM.analyzeFilesWithJavaIntegration$default(TopDownAnalyzerFacadeForJVM.kt:75)
	at org.jetbrains.kotlin.cli.jvm.compiler.KotlinToJVMBytecodeCompiler.analyze$lambda$7(KotlinToJVMBytecodeCompiler.kt:326)
	at org.jetbrains.kotlin.cli.common.messages.AnalyzerWithCompilerReport.analyzeAndReport(AnalyzerWithCompilerReport.kt:112)
	at org.jetbrains.kotlin.cli.jvm.compiler.KotlinToJVMBytecodeCompiler.analyze(KotlinToJVMBytecodeCompiler.kt:317)
	at org.jetbrains.kotlin.cli.jvm.compiler.KotlinToJVMBytecodeCompiler.repeatAnalysisIfNeeded(KotlinToJVMBytecodeCompiler.kt:230)
	at org.jetbrains.kotlin.cli.jvm.compiler.KotlinToJVMBytecodeCompiler.repeatAnalysisIfNeeded(KotlinToJVMBytecodeCompiler.kt:230)
	at org.jetbrains.kotlin.cli.jvm.compiler.KotlinToJVMBytecodeCompiler.runFrontendAndGenerateIrUsingClassicFrontend(KotlinToJVMBytecodeCompiler.kt:154)
	at org.jetbrains.kotlin.cli.jvm.compiler.KotlinToJVMBytecodeCompiler.compileModules$cli(KotlinToJVMBytecodeCompiler.kt:75)
	at org.jetbrains.kotlin.cli.jvm.K2JVMCompiler.doExecute(K2JVMCompiler.kt:167)
	at org.jetbrains.kotlin.cli.jvm.K2JVMCompiler.doExecute(K2JVMCompiler.kt:36)
	at org.jetbrains.kotlin.cli.common.CLICompiler.execImpl(CLICompiler.kt:113)
	at org.jetbrains.kotlin.cli.common.CLICompiler.exec(CLICompiler.kt:337)
	at org.jetbrains.kotlin.cli.common.CLICompiler.exec(CLICompiler.kt:315)
	at org.jetbrains.kotlin.cli.common.CLICompiler.execAndOutputXml(CLICompiler.kt:64)
	at java.base/jdk.internal.reflect.DirectMethodHandleAccessor.invoke(DirectMethodHandleAccessor.java:103)
	at java.base/java.lang.reflect.Method.invoke(Method.java:580)
	at org.jetbrains.kotlin.compilerRunner.GradleKotlinCompilerWork.compileInProcessImpl(GradleKotlinCompilerWork.kt:388)
	at org.jetbrains.kotlin.compilerRunner.GradleKotlinCompilerWork.access$compileInProcessImpl(GradleKotlinCompilerWork.kt:85)
	at org.jetbrains.kotlin.compilerRunner.GradleKotlinCompilerWork$compileInProcess$future$1.call(GradleKotlinCompilerWork.kt:361)
	at org.jetbrains.kotlin.compilerRunner.GradleKotlinCompilerWork$compileInProcess$future$1.call(GradleKotlinCompilerWork.kt:360)
	at java.base/java.util.concurrent.FutureTask.run(FutureTask.java:317)
	at java.base/java.util.concurrent.ThreadPoolExecutor.runWorker(ThreadPoolExecutor.java:1144)
	at java.base/java.util.concurrent.ThreadPoolExecutor$Worker.run(ThreadPoolExecutor.java:642)
	at java.base/java.lang.Thread.run(Thread.java:1583)
Caused by: java.lang.AssertionError: Page -1108 is outside of [0, 4294967295)
	at org.jetbrains.kotlin.com.intellij.util.io.PagedFileStorage.doGetBufferWrapper(PagedFileStorage.java:451)
	at org.jetbrains.kotlin.com.intellij.util.io.PagedFileStorage.getBufferWrapper(PagedFileStorage.java:430)
	at org.jetbrains.kotlin.com.intellij.util.io.PagedFileStorage.getByteBuffer(PagedFileStorage.java:191)
	at org.jetbrains.kotlin.com.intellij.util.io.keyStorage.AppendableStorageBackedByResizableMappedFile$3.<init>(AppendableStorageBackedByResizableMappedFile.java:261)
	at org.jetbrains.kotlin.com.intellij.util.io.keyStorage.AppendableStorageBackedByResizableMappedFile.buildOldComparerStream(AppendableStorageBackedByResizableMappedFile.java:258)
	at org.jetbrains.kotlin.com.intellij.util.io.keyStorage.AppendableStorageBackedByResizableMappedFile.checkBytesAreTheSame(AppendableStorageBackedByResizableMappedFile.java:179)
	at org.jetbrains.kotlin.com.intellij.util.io.PersistentEnumeratorBase.isKeyAtIndex(PersistentEnumeratorBase.java:394)
	at org.jetbrains.kotlin.com.intellij.util.io.PersistentBTreeEnumerator.enumerateImpl(PersistentBTreeEnumerator.java:610)
	at org.jetbrains.kotlin.com.intellij.util.io.PersistentEnumeratorBase.lambda$doEnumerate$0(PersistentEnumeratorBase.java:266)
	at org.jetbrains.kotlin.com.intellij.util.io.PersistentEnumeratorBase.catchCorruption(PersistentEnumeratorBase.java:654)
	... 52 more


